# serializer version: 1
# name: TestDiagnostics.test_config_entry_snapshot
  dict({
    'data': dict({
    }),
    'entry_data': mappingproxy({
      'diffuse_factor': 0.2,
      'entry_type': 'global_config',
      'g_value': 0.6,
      'temperature_indoor_base': 22.0,
      'temperature_outdoor_base': 20.0,
      'threshold_diffuse': 120,
      'threshold_direct': 250,
      'window_height': 2.0,
      'window_width': 1.5,
    }),
  })
# ---
